// Jest Snapshot v1, https://goo.gl/fbAQLP

exports[`test admin dashboard matches snapshot 1`] = `ShallowWrapper {}`;
