// Jest Snapshot v1, https://goo.gl/fbAQLP

exports[`test user dashboard matches snapshot 1`] = `ShallowWrapper {}`;
