// Jest Snapshot v1, https://goo.gl/fbAQLP

exports[`test login matches snapshot 1`] = `ShallowWrapper {}`;
