// Jest Snapshot v1, https://goo.gl/fbAQLP

exports[`test user registration matches snapshot 1`] = `ShallowWrapper {}`;
